// Jest Snapshot v1, https://goo.gl/fbAQLP

exports[`renders correctly 1`] = `
<div>
  <div
    className="ui fluid left aligned container"
  >
    <div
      className="match-entry-list"
    >
      <div
        className="ui divided middle aligned list"
        role="list"
      >
        <div>
          <div
            className="ui grid matches-grid"
          >
            <div
              className="row"
            >
              <div
                className="left floated twelve wide column"
              >
                <div
                  className="ui list"
                  role="list"
                >
                  <div
                    className="item matches-list-item"
                    data-value={undefined}
                    onClick={[Function]}
                    role="listitem"
                  >
                    <div
                      className="content"
                    >
                      <div
                        className="header matches-title"
                      >
                        <div
                          className="description"
                        >
                          <span
                            dangerouslySetInnerHTML={
                              Object {
                                "__html": "<div className=\\"description\\">test title<span style={Object { \\"backgroundColor\\": \\"#ffffb3\\" }}></span></div>",
                              }
                            }
                          />
                        </div>
                      </div>
                    </div>
                    <div
                      className="content"
                    >
                      <div
                        className="description"
                      >
                        <span
                          dangerouslySetInnerHTML={
                            Object {
                              "__html": "<div className=\\"description\\">I had a great time<span style={Object { \\"backgroundColor\\": \\"#ffffb3\\" }}></span></div>",
                            }
                          }
                        />
                      </div>
                    </div>
                  </div>
                </div>
              </div>
              <div
                className="right floated four wide column"
              >
                <table
                  className="ui small collapsing very compact table"
                >
                  <tbody
                    className=""
                  >
                    <tr
                      className=""
                    >
                      <td
                        className=""
                      >
                        Date:
                      </td>
                      <td
                        className="ratings-data-value"
                      >
                        2014-11-01
                      </td>
                    </tr>
                    <tr
                      className=""
                    >
                      <td
                        className=""
                      >
                        Rating:
                      </td>
                      <td
                        className="ratings-data-value"
                      >
                        1
                      </td>
                    </tr>
                    <tr
                      className=""
                    >
                      <td
                        className=""
                      >
                        Helpfulness Rating:
                      </td>
                      <td
                        className="ratings-data-value"
                      >
                        50
                        %
                      </td>
                    </tr>
                    <tr
                      className=""
                    >
                      <td
                        className=""
                      >
                        Sentiment:
                      </td>
                      <td
                        className="ratings-data-value"
                        style={
                          Object {
                            "backgroundColor": "rgb(115, 203, 173)",
                          }
                        }
                      >
                        0.76
                      </td>
                    </tr>
                  </tbody>
                </table>
              </div>
            </div>
          </div>
          <div
            className="ui clearing divider"
          />
        </div>
      </div>
    </div>
  </div>
</div>
`;
